============================= test session starts =============================
platform win32 -- Python 3.14.6, pytest-9.1.1, pluggy-1.6.0
rootdir: C:\Projects\BanjoOptimizer
collected 7 items

tests\test_music.py .....F.                                              [100%]

================================== FAILURES ===================================
_________________ test_cousin_sally_brown_recommends_double_d _________________

    def test_cousin_sally_brown_recommends_double_d():
    
        score = load_score(
            "Cousin Sally Brown"
        )
    
    
        analyzer = TuningAnalyzer(
            score.notes,
            score.key
        )
    
    
        results = analyzer.analyze()
    
    
        best = results["modern"][0]
    
    
>       assert best["name"] == "Double D"
E       AssertionError: assert 'Open G' == 'Double D'
E         
E         - Double D
E         + Open G

tests\test_music.py:260: AssertionError
---------------------------- Captured stdout call -----------------------------

Opening Cousin Sally Brown (D (aDADE)).mscz
Reading Cousin Sally Brown (D (aDADE)).mscx
XML successfully loaded.

Searching for title...
Title found: Cousin Sally Brown

Searching for time signature...
Time signature found: 2/2

Reading notes from Staff 4...
Notes found: 100

Estimating key...
Possible keys: ['D major', 'B minor']
Major score: 192
Minor score: 168
Estimated key: D major
Confidence: 53.3 %
=========================== short test summary info ===========================
FAILED tests/test_music.py::test_cousin_sally_brown_recommends_double_d - Ass...
========================= 1 failed, 6 passed in 0.26s =========================
